C:\Source\Karma.Extensions.AspNetCore\tests\Karma.Extensions.AspNetCore.Tests\Extensions\IQueryableExtensionsTests.Apply.CursorPaging.Extras.cs(15,4): error CS0579: Duplicate 'ExcludeFromCodeCoverage' attribute [C:\Source\Karma.Extensions.AspNetCore\tests\Karma.Extensions.AspNetCore.Tests\Karma.Extensions.AspNetCore.Tests.csproj]
C:\Source\Karma.Extensions.AspNetCore\tests\Karma.Extensions.AspNetCore.Tests\Extensions\IQueryableExtensionsTests.Apply.OffsetPaging.cs(15,4): error CS0579: Duplicate 'ExcludeFromCodeCoverage' attribute [C:\Source\Karma.Extensions.AspNetCore\tests\Karma.Extensions.AspNetCore.Tests\Karma.Extensions.AspNetCore.Tests.csproj]
C:\Source\Karma.Extensions.AspNetCore\tests\Karma.Extensions.AspNetCore.Tests\Extensions\IQueryableExtensionsTests.NoInvocationExpression.cs(14,4): error CS0579: Duplicate 'ExcludeFromCodeCoverage' attribute [C:\Source\Karma.Extensions.AspNetCore\tests\Karma.Extensions.AspNetCore.Tests\Karma.Extensions.AspNetCore.Tests.csproj]
C:\Source\Karma.Extensions.AspNetCore\tests\Karma.Extensions.AspNetCore.Tests\IQueryableExtensionsTests.cs(17,4): error CS0579: Duplicate 'ExcludeFromCodeCoverage' attribute [C:\Source\Karma.Extensions.AspNetCore\tests\Karma.Extensions.AspNetCore.Tests\Karma.Extensions.AspNetCore.Tests.csproj]
C:\Source\Karma.Extensions.AspNetCore\tests\Karma.Extensions.AspNetCore.Tests\Extensions\IQueryableExtensionsTests.Apply.OffsetPaging.cs(25,17): error CS0111: Type 'IQueryableExtensionsTests' already defines a member called 'When_SourceIsNull_ReturnsNull' with the same parameter types [C:\Source\Karma.Extensions.AspNetCore\tests\Karma.Extensions.AspNetCore.Tests\Karma.Extensions.AspNetCore.Tests.csproj]
C:\Source\Karma.Extensions.AspNetCore\tests\Karma.Extensions.AspNetCore.Tests\Extensions\IQueryableExtensionsTests.Apply.OffsetPaging.cs(36,17): error CS0111: Type 'IQueryableExtensionsTests' already defines a member called 'When_PageInfoIsNull_ReturnsSourceUnchanged' with the same parameter types [C:\Source\Karma.Extensions.AspNetCore\tests\Karma.Extensions.AspNetCore.Tests\Karma.Extensions.AspNetCore.Tests.csproj]
Get projects properties with MSBuild didn't execute properly with exit code: 1.
